---
http_interactions:
- request:
    method: mkcol
    uri: https://nextcloud.local/remote.php/dav/files/OpenProject/OpenProject/%5BSample%5D%20Project%20Name%20%7C%20Ehuu%20(-273)
    body:
      encoding: US-ASCII
      string: ''
    headers:
      Authorization:
      - Basic <BASIC_AUTH>
      User-Agent:
      - httpx.rb/1.4.0
      Accept:
      - "*/*"
      Accept-Encoding:
      - gzip, deflate
  response:
    status:
      code: 201
      message: Created
    headers:
      Content-Security-Policy:
      - default-src 'none';
      Content-Type:
      - text/html; charset=UTF-8
      Date:
      - Tue, 21 Jan 2025 17:09:16 GMT
      Oc-Fileid:
      - 00000662ocxxq957y92g
      Referrer-Policy:
      - no-referrer
      Server:
      - Apache/2.4.62 (Debian)
      Set-Cookie:
      - ocxxq957y92g=6a4dc7084fa34a1711338f7f745464b6; path=/; secure; HttpOnly; SameSite=Lax,
        oc_sessionPassphrase=K37QVOPW03YQiLauKSCZ5bzqy2sAwGsWIjAladNMAPdbEUycG2mYyY48mNviGLBO4X%2FKYR9XS8soFfzG1hKY3iKgFLBPgf8ixPiF%2FwOWDIWessD0Dc0fcuR7jhG8XLl4;
        path=/; secure; HttpOnly; SameSite=Lax, ocxxq957y92g=6a4dc7084fa34a1711338f7f745464b6;
        path=/; secure; HttpOnly; SameSite=Lax, __Host-nc_sameSiteCookielax=true;
        path=/; httponly;secure; expires=Fri, 31-Dec-2100 23:59:59 GMT; SameSite=lax,
        __Host-nc_sameSiteCookiestrict=true; path=/; httponly;secure; expires=Fri,
        31-Dec-2100 23:59:59 GMT; SameSite=strict, ocxxq957y92g=6a4dc7084fa34a1711338f7f745464b6;
        path=/; secure; HttpOnly; SameSite=Lax, ocxxq957y92g=6a4dc7084fa34a1711338f7f745464b6;
        path=/; secure; HttpOnly; SameSite=Lax, ocxxq957y92g=3b15dffb9b1fc55521d02f47ab6a7911;
        path=/; secure; HttpOnly; SameSite=Lax
      X-Content-Type-Options:
      - nosniff
      X-Debug-Token:
      - TKED0ckv35pd0eMqME69
      X-Frame-Options:
      - SAMEORIGIN
      X-Permitted-Cross-Domain-Policies:
      - none
      X-Powered-By:
      - PHP/8.2.27
      X-Request-Id:
      - TKED0ckv35pd0eMqME69
      X-Robots-Tag:
      - noindex, nofollow
      X-Xss-Protection:
      - 1; mode=block
      Content-Length:
      - '0'
    body:
      encoding: UTF-8
      string: ''
  recorded_at: Tue, 21 Jan 2025 17:09:16 GMT
- request:
    method: propfind
    uri: https://nextcloud.local/remote.php/dav/files/OpenProject/OpenProject/%5BSample%5D%20Project%20Name%20%7C%20Ehuu%20(-273)
    body:
      encoding: UTF-8
      string: |
        <?xml version="1.0"?>
        <d:propfind xmlns:d="DAV:" xmlns:oc="http://owncloud.org/ns">
          <d:prop>
            <oc:fileid/>
            <oc:size/>
            <d:getlastmodified/>
            <oc:permissions/>
            <oc:owner-display-name/>
          </d:prop>
        </d:propfind>
    headers:
      Authorization:
      - Basic <BASIC_AUTH>
      Depth:
      - '1'
      User-Agent:
      - httpx.rb/1.4.0
      Accept:
      - "*/*"
      Accept-Encoding:
      - gzip, deflate
      Content-Type:
      - application/xml; charset=utf-8
      Content-Length:
      - '229'
  response:
    status:
      code: 207
      message: Multi-Status
    headers:
      Content-Encoding:
      - gzip
      Content-Security-Policy:
      - default-src 'none';
      Content-Type:
      - application/xml; charset=utf-8
      Date:
      - Tue, 21 Jan 2025 17:09:16 GMT
      Dav:
      - 1, 3, extended-mkcol, access-control, calendarserver-principal-property-search,
        nextcloud-checksum-update, nc-calendar-search, nc-enable-birthday-calendar
      Referrer-Policy:
      - no-referrer
      Server:
      - Apache/2.4.62 (Debian)
      Set-Cookie:
      - ocxxq957y92g=1efaad59ce5f6f27b82899def8495a31; path=/; secure; HttpOnly; SameSite=Lax,
        oc_sessionPassphrase=0cI%2FAzxfTeFPoI7SkSsfloFTyFgmEEqDzBHWdBwHqsAnbPYJ8npvS6PwARoA0Wt8NoLocl6vTNTPbkNL5fWKAgX10MKdf32S3GB5%2BqDZHdYeAzJtywr5i6n7p6DZFZdQ;
        path=/; secure; HttpOnly; SameSite=Lax, ocxxq957y92g=1efaad59ce5f6f27b82899def8495a31;
        path=/; secure; HttpOnly; SameSite=Lax, __Host-nc_sameSiteCookielax=true;
        path=/; httponly;secure; expires=Fri, 31-Dec-2100 23:59:59 GMT; SameSite=lax,
        __Host-nc_sameSiteCookiestrict=true; path=/; httponly;secure; expires=Fri,
        31-Dec-2100 23:59:59 GMT; SameSite=strict, ocxxq957y92g=1efaad59ce5f6f27b82899def8495a31;
        path=/; secure; HttpOnly; SameSite=Lax, ocxxq957y92g=1efaad59ce5f6f27b82899def8495a31;
        path=/; secure; HttpOnly; SameSite=Lax, ocxxq957y92g=c20f161bb9618d09e940914a6f72b9c1;
        path=/; secure; HttpOnly; SameSite=Lax
      Vary:
      - Brief,Prefer
      X-Content-Type-Options:
      - nosniff
      X-Debug-Token:
      - mRZbsL7FCXqJOt8WKx71
      X-Frame-Options:
      - SAMEORIGIN
      X-Permitted-Cross-Domain-Policies:
      - none
      X-Powered-By:
      - PHP/8.2.27
      X-Request-Id:
      - mRZbsL7FCXqJOt8WKx71
      X-Robots-Tag:
      - noindex, nofollow
      X-Xss-Protection:
      - 1; mode=block
      Content-Length:
      - '360'
    body:
      encoding: UTF-8
      string: |
        <?xml version="1.0"?>
        <d:multistatus xmlns:d="DAV:" xmlns:s="http://sabredav.org/ns" xmlns:oc="http://owncloud.org/ns" xmlns:nc="http://nextcloud.org/ns"><d:response><d:href>/remote.php/dav/files/OpenProject/OpenProject/%5bSample%5d%20Project%20Name%20%7c%20Ehuu%20(-273)/</d:href><d:propstat><d:prop><oc:fileid>662</oc:fileid><oc:size>0</oc:size><d:getlastmodified>Tue, 21 Jan 2025 17:09:16 GMT</d:getlastmodified><oc:permissions>RMGDNVCK</oc:permissions><oc:owner-display-name>OpenProject</oc:owner-display-name></d:prop><d:status>HTTP/1.1 200 OK</d:status></d:propstat></d:response></d:multistatus>
  recorded_at: Tue, 21 Jan 2025 17:09:16 GMT
- request:
    method: propfind
    uri: https://nextcloud.local/remote.php/dav/files/OpenProject/OpenProject
    body:
      encoding: UTF-8
      string: |
        <?xml version="1.0"?>
        <d:propfind xmlns:d="DAV:" xmlns:oc="http://owncloud.org/ns" xmlns:nc="http://nextcloud.org/ns">
          <d:prop>
            <oc:fileid/>
            <nc:acl-list/>
          </d:prop>
        </d:propfind>
    headers:
      Authorization:
      - Basic <BASIC_AUTH>
      Depth:
      - '1'
      User-Agent:
      - httpx.rb/1.4.0
      Accept:
      - "*/*"
      Accept-Encoding:
      - gzip, deflate
      Content-Type:
      - application/xml; charset=utf-8
      Content-Length:
      - '192'
  response:
    status:
      code: 207
      message: Multi-Status
    headers:
      Content-Encoding:
      - gzip
      Content-Security-Policy:
      - default-src 'none';
      Content-Type:
      - application/xml; charset=utf-8
      Date:
      - Tue, 21 Jan 2025 17:09:16 GMT
      Dav:
      - 1, 3, extended-mkcol, access-control, calendarserver-principal-property-search,
        nextcloud-checksum-update, nc-calendar-search, nc-enable-birthday-calendar
      Referrer-Policy:
      - no-referrer
      Server:
      - Apache/2.4.62 (Debian)
      Set-Cookie:
      - ocxxq957y92g=08e94660fca905807cab1390b0a1c934; path=/; secure; HttpOnly; SameSite=Lax,
        oc_sessionPassphrase=fUkxnNLKCGS9E8%2Fc%2BnBM%2F1hcqdng1h304r%2FNDeKHynYjMAvDonyVO6H%2FoYFUxr2WoBJViv6W%2Bfa2TnRUp019FAKNHGEXK03tSFoabUUjvapeX%2BykK7D28etDGyyq12UV;
        path=/; secure; HttpOnly; SameSite=Lax, ocxxq957y92g=08e94660fca905807cab1390b0a1c934;
        path=/; secure; HttpOnly; SameSite=Lax, __Host-nc_sameSiteCookielax=true;
        path=/; httponly;secure; expires=Fri, 31-Dec-2100 23:59:59 GMT; SameSite=lax,
        __Host-nc_sameSiteCookiestrict=true; path=/; httponly;secure; expires=Fri,
        31-Dec-2100 23:59:59 GMT; SameSite=strict, ocxxq957y92g=08e94660fca905807cab1390b0a1c934;
        path=/; secure; HttpOnly; SameSite=Lax, ocxxq957y92g=08e94660fca905807cab1390b0a1c934;
        path=/; secure; HttpOnly; SameSite=Lax, ocxxq957y92g=f60c91114e2d165346c8c9b70a133816;
        path=/; secure; HttpOnly; SameSite=Lax
      Vary:
      - Brief,Prefer
      X-Content-Type-Options:
      - nosniff
      X-Debug-Token:
      - yBFwfleC9ZbljVcYBw7g
      X-Frame-Options:
      - SAMEORIGIN
      X-Permitted-Cross-Domain-Policies:
      - none
      X-Powered-By:
      - PHP/8.2.27
      X-Request-Id:
      - yBFwfleC9ZbljVcYBw7g
      X-Robots-Tag:
      - noindex, nofollow
      X-Xss-Protection:
      - 1; mode=block
      Content-Length:
      - '466'
    body:
      encoding: UTF-8
      string: |
        <?xml version="1.0"?>
        <d:multistatus xmlns:d="DAV:" xmlns:s="http://sabredav.org/ns" xmlns:oc="http://owncloud.org/ns" xmlns:nc="http://nextcloud.org/ns"><d:response><d:href>/remote.php/dav/files/OpenProject/OpenProject/</d:href><d:propstat><d:prop><oc:fileid>103</oc:fileid><nc:acl-list><nc:acl><nc:acl-mapping-type>group</nc:acl-mapping-type><nc:acl-mapping-id>OpenProject</nc:acl-mapping-id><nc:acl-mapping-display-name>OpenProject</nc:acl-mapping-display-name><nc:acl-mask>31</nc:acl-mask><nc:acl-permissions>1</nc:acl-permissions></nc:acl><nc:acl><nc:acl-mapping-type>user</nc:acl-mapping-type><nc:acl-mapping-id>OpenProject</nc:acl-mapping-id><nc:acl-mapping-display-name>OpenProject</nc:acl-mapping-display-name><nc:acl-mask>31</nc:acl-mask><nc:acl-permissions>31</nc:acl-permissions></nc:acl></nc:acl-list></d:prop><d:status>HTTP/1.1 200 OK</d:status></d:propstat></d:response><d:response><d:href>/remote.php/dav/files/OpenProject/OpenProject/Demo%20project%20(1)/</d:href><d:propstat><d:prop><oc:fileid>180</oc:fileid><nc:acl-list><nc:acl><nc:acl-mapping-type>group</nc:acl-mapping-type><nc:acl-mapping-id>OpenProject</nc:acl-mapping-id><nc:acl-mapping-display-name>OpenProject</nc:acl-mapping-display-name><nc:acl-mask>31</nc:acl-mask><nc:acl-permissions>0</nc:acl-permissions></nc:acl><nc:acl><nc:acl-mapping-type>user</nc:acl-mapping-type><nc:acl-mapping-id>OpenProject</nc:acl-mapping-id><nc:acl-mapping-display-name>OpenProject</nc:acl-mapping-display-name><nc:acl-mask>31</nc:acl-mask><nc:acl-permissions>31</nc:acl-permissions></nc:acl></nc:acl-list></d:prop><d:status>HTTP/1.1 200 OK</d:status></d:propstat></d:response><d:response><d:href>/remote.php/dav/files/OpenProject/OpenProject/%5bdev%5d%20Empty%20(3)/</d:href><d:propstat><d:prop><oc:fileid>181</oc:fileid><nc:acl-list><nc:acl><nc:acl-mapping-type>group</nc:acl-mapping-type><nc:acl-mapping-id>OpenProject</nc:acl-mapping-id><nc:acl-mapping-display-name>OpenProject</nc:acl-mapping-display-name><nc:acl-mask>31</nc:acl-mask><nc:acl-permissions>0</nc:acl-permissions></nc:acl><nc:acl><nc:acl-mapping-type>user</nc:acl-mapping-type><nc:acl-mapping-id>OpenProject</nc:acl-mapping-id><nc:acl-mapping-display-name>OpenProject</nc:acl-mapping-display-name><nc:acl-mask>31</nc:acl-mask><nc:acl-permissions>31</nc:acl-permissions></nc:acl></nc:acl-list></d:prop><d:status>HTTP/1.1 200 OK</d:status></d:propstat></d:response><d:response><d:href>/remote.php/dav/files/OpenProject/OpenProject/Projectify%20(8)/</d:href><d:propstat><d:prop><oc:fileid>204</oc:fileid><nc:acl-list><nc:acl><nc:acl-mapping-type>group</nc:acl-mapping-type><nc:acl-mapping-id>OpenProject</nc:acl-mapping-id><nc:acl-mapping-display-name>OpenProject</nc:acl-mapping-display-name><nc:acl-mask>31</nc:acl-mask><nc:acl-permissions>0</nc:acl-permissions></nc:acl><nc:acl><nc:acl-mapping-type>user</nc:acl-mapping-type><nc:acl-mapping-id>OpenProject</nc:acl-mapping-id><nc:acl-mapping-display-name>OpenProject</nc:acl-mapping-display-name><nc:acl-mask>31</nc:acl-mask><nc:acl-permissions>31</nc:acl-permissions></nc:acl></nc:acl-list></d:prop><d:status>HTTP/1.1 200 OK</d:status></d:propstat></d:response><d:response><d:href>/remote.php/dav/files/OpenProject/OpenProject/%5bSample%5d%20Project%20Name%20%7c%20Ehuu%20(-273)/</d:href><d:propstat><d:prop><oc:fileid>662</oc:fileid></d:prop><d:status>HTTP/1.1 200 OK</d:status></d:propstat><d:propstat><d:prop><nc:acl-list/></d:prop><d:status>HTTP/1.1 404 Not Found</d:status></d:propstat></d:response></d:multistatus>
  recorded_at: Tue, 21 Jan 2025 17:09:16 GMT
- request:
    method: get
    uri: https://nextcloud.local/ocs/v1.php/apps/integration_openproject/fileinfo/103
    body:
      encoding: US-ASCII
      string: ''
    headers:
      Authorization:
      - Basic <BASIC_AUTH>
      Ocs-Apirequest:
      - 'true'
      Accept:
      - application/json
      User-Agent:
      - httpx.rb/1.4.0
      Accept-Encoding:
      - gzip, deflate
  response:
    status:
      code: 200
      message: OK
    headers:
      Cache-Control:
      - no-cache, no-store, must-revalidate
      Content-Encoding:
      - gzip
      Content-Security-Policy:
      - default-src 'none';base-uri 'none';manifest-src 'self';frame-ancestors 'none'
      Content-Type:
      - application/json; charset=utf-8
      Date:
      - Tue, 21 Jan 2025 17:09:16 GMT
      Feature-Policy:
      - autoplay 'none';camera 'none';fullscreen 'none';geolocation 'none';microphone
        'none';payment 'none'
      Referrer-Policy:
      - no-referrer
      Server:
      - Apache/2.4.62 (Debian)
      Set-Cookie:
      - ocxxq957y92g=11debc91718deb3262ad1be585e1c9bc; path=/; secure; HttpOnly; SameSite=Lax,
        oc_sessionPassphrase=J4kItkpIeE83mfet%2FwRBlIRv3eviW27uajC%2B0KeL%2B5u6lvcJbq1kTPybpnJnldDDAufgdKB%2BR8wIlhY7BfnDXQMsk9x7NjQ76Sgd6e0XXzt%2FcTow5xLMLQ83iBj9KhOg;
        path=/; secure; HttpOnly; SameSite=Lax, ocxxq957y92g=11debc91718deb3262ad1be585e1c9bc;
        path=/; secure; HttpOnly; SameSite=Lax, __Host-nc_sameSiteCookielax=true;
        path=/; httponly;secure; expires=Fri, 31-Dec-2100 23:59:59 GMT; SameSite=lax,
        __Host-nc_sameSiteCookiestrict=true; path=/; httponly;secure; expires=Fri,
        31-Dec-2100 23:59:59 GMT; SameSite=strict, ocxxq957y92g=11debc91718deb3262ad1be585e1c9bc;
        path=/; secure; HttpOnly; SameSite=Lax, ocxxq957y92g=11debc91718deb3262ad1be585e1c9bc;
        path=/; secure; HttpOnly; SameSite=Lax, ocxxq957y92g=1a7d4c8f29f0c3f4e90abcac3fc820f0;
        path=/; secure; HttpOnly; SameSite=Lax
      X-Content-Type-Options:
      - nosniff
      X-Frame-Options:
      - SAMEORIGIN
      X-Permitted-Cross-Domain-Policies:
      - none
      X-Powered-By:
      - PHP/8.2.27
      X-Request-Id:
      - BivQOQFKIC2m8IfSs2c8
      X-Robots-Tag:
      - noindex, nofollow
      X-Xss-Protection:
      - 1; mode=block
      Content-Length:
      - '251'
    body:
      encoding: UTF-8
      string: '{"ocs":{"meta":{"status":"ok","statuscode":100,"message":"OK","totalitems":"","itemsperpage":""},"data":{"status":"OK","statuscode":200,"id":103,"name":"OpenProject","mtime":1737479356,"ctime":0,"mimetype":"application\/x-op-directory","size":90335,"owner_name":"OpenProject","owner_id":"OpenProject","modifier_name":null,"modifier_id":null,"dav_permissions":"RMGDNVCK","path":"files\/OpenProject\/"}}}'
  recorded_at: Tue, 21 Jan 2025 17:09:16 GMT
- request:
    method: proppatch
    uri: https://nextcloud.local/remote.php/dav/files/OpenProject/OpenProject
    body:
      encoding: UTF-8
      string: |
        <?xml version="1.0"?>
        <d:propertyupdate xmlns:d="DAV:" xmlns:nc="http://nextcloud.org/ns">
          <d:set>
            <d:prop>
              <nc:acl-list>
                <nc:acl>
                  <nc:acl-mapping-type>group</nc:acl-mapping-type>
                  <nc:acl-mapping-id>OpenProject</nc:acl-mapping-id>
                  <nc:acl-mask>31</nc:acl-mask>
                  <nc:acl-permissions>1</nc:acl-permissions>
                </nc:acl>
                <nc:acl>
                  <nc:acl-mapping-type>user</nc:acl-mapping-type>
                  <nc:acl-mapping-id>OpenProject</nc:acl-mapping-id>
                  <nc:acl-mask>31</nc:acl-mask>
                  <nc:acl-permissions>31</nc:acl-permissions>
                </nc:acl>
              </nc:acl-list>
            </d:prop>
          </d:set>
        </d:propertyupdate>
    headers:
      Authorization:
      - Basic <BASIC_AUTH>
      User-Agent:
      - httpx.rb/1.4.0
      Accept:
      - "*/*"
      Accept-Encoding:
      - gzip, deflate
      Content-Type:
      - application/xml; charset=utf-8
      Content-Length:
      - '696'
  response:
    status:
      code: 207
      message: Multi-Status
    headers:
      Content-Security-Policy:
      - default-src 'none';
      Content-Type:
      - application/xml; charset=utf-8
      Date:
      - Tue, 21 Jan 2025 17:09:16 GMT
      Referrer-Policy:
      - no-referrer
      Server:
      - Apache/2.4.62 (Debian)
      Set-Cookie:
      - ocxxq957y92g=97e948ccc8c4f318b9f4c52631d31ba7; path=/; secure; HttpOnly; SameSite=Lax,
        oc_sessionPassphrase=XDlYwKiczit1OtQACBXsc3bnFR6nky%2F7mNTzVL4q204aRsDDGlIeNguLKacGYB71CjkaCf%2F9jzpmJ2AeJkQITPlt6mpFVp7Kw3nLRvjKvqA555q7ZLXVbmdE64nEllzt;
        path=/; secure; HttpOnly; SameSite=Lax, ocxxq957y92g=97e948ccc8c4f318b9f4c52631d31ba7;
        path=/; secure; HttpOnly; SameSite=Lax, __Host-nc_sameSiteCookielax=true;
        path=/; httponly;secure; expires=Fri, 31-Dec-2100 23:59:59 GMT; SameSite=lax,
        __Host-nc_sameSiteCookiestrict=true; path=/; httponly;secure; expires=Fri,
        31-Dec-2100 23:59:59 GMT; SameSite=strict, ocxxq957y92g=97e948ccc8c4f318b9f4c52631d31ba7;
        path=/; secure; HttpOnly; SameSite=Lax, ocxxq957y92g=97e948ccc8c4f318b9f4c52631d31ba7;
        path=/; secure; HttpOnly; SameSite=Lax, ocxxq957y92g=9a2083955ef2dcfc1ee7eb7a33c89ba9;
        path=/; secure; HttpOnly; SameSite=Lax
      Vary:
      - Brief,Prefer
      X-Content-Type-Options:
      - nosniff
      X-Debug-Token:
      - yn94gj7cWhPnFyK6VCFB
      X-Frame-Options:
      - SAMEORIGIN
      X-Permitted-Cross-Domain-Policies:
      - none
      X-Powered-By:
      - PHP/8.2.27
      X-Request-Id:
      - yn94gj7cWhPnFyK6VCFB
      X-Robots-Tag:
      - noindex, nofollow
      X-Xss-Protection:
      - 1; mode=block
      Content-Length:
      - '350'
    body:
      encoding: UTF-8
      string: |
        <?xml version="1.0"?>
        <d:multistatus xmlns:d="DAV:" xmlns:s="http://sabredav.org/ns" xmlns:oc="http://owncloud.org/ns" xmlns:nc="http://nextcloud.org/ns"><d:response><d:href>/remote.php/dav/files/OpenProject/OpenProject</d:href><d:propstat><d:prop><nc:acl-list/></d:prop><d:status>HTTP/1.1 200 OK</d:status></d:propstat></d:response></d:multistatus>
  recorded_at: Tue, 21 Jan 2025 17:09:16 GMT
- request:
    method: mkcol
    uri: https://nextcloud.local/remote.php/dav/files/OpenProject/OpenProject/%5BSample%5D%20Project%20Name%20%7C%20Ehuu%20(-273)
    body:
      encoding: US-ASCII
      string: ''
    headers:
      Authorization:
      - Basic <BASIC_AUTH>
      User-Agent:
      - httpx.rb/1.4.0
      Accept:
      - "*/*"
      Accept-Encoding:
      - gzip, deflate
  response:
    status:
      code: 405
      message: Method Not Allowed
    headers:
      Allow:
      - OPTIONS, GET, HEAD, DELETE, PROPFIND, PUT, PROPPATCH, COPY, MOVE, REPORT
      Content-Security-Policy:
      - 'default-src ''none'';base-uri ''none'';manifest-src ''self'';script-src ''self'';style-src
        ''self'' ''unsafe-inline'';img-src ''self'' data: blob:;font-src ''self''
        data:;connect-src ''self'';media-src ''self'';frame-ancestors ''self'';form-action
        ''self'''
      Content-Type:
      - application/xml; charset=utf-8
      Date:
      - Tue, 21 Jan 2025 17:09:16 GMT
      Referrer-Policy:
      - no-referrer
      Server:
      - Apache/2.4.62 (Debian)
      Set-Cookie:
      - ocxxq957y92g=a393e3b443d6cc63f8470e99442c1533; path=/; secure; HttpOnly; SameSite=Lax,
        oc_sessionPassphrase=YuPjF7DG5KsyccDA%2BYh7VvFnJL0kAD69KIyGhoCpHFEJlKY8TAupPbXzmPfUR%2BSSmULVPB2fic4crIatoAQy9yo4xV6PQvwjRcLOApcRgkky6N9ciqMtQWo9Y4B%2BS0ac;
        path=/; secure; HttpOnly; SameSite=Lax, ocxxq957y92g=a393e3b443d6cc63f8470e99442c1533;
        path=/; secure; HttpOnly; SameSite=Lax, __Host-nc_sameSiteCookielax=true;
        path=/; httponly;secure; expires=Fri, 31-Dec-2100 23:59:59 GMT; SameSite=lax,
        __Host-nc_sameSiteCookiestrict=true; path=/; httponly;secure; expires=Fri,
        31-Dec-2100 23:59:59 GMT; SameSite=strict, ocxxq957y92g=a393e3b443d6cc63f8470e99442c1533;
        path=/; secure; HttpOnly; SameSite=Lax, ocxxq957y92g=a393e3b443d6cc63f8470e99442c1533;
        path=/; secure; HttpOnly; SameSite=Lax, ocxxq957y92g=cae1c899dcfb6f0f525fab54a4d3f2a5;
        path=/; secure; HttpOnly; SameSite=Lax
      X-Content-Type-Options:
      - nosniff
      X-Frame-Options:
      - SAMEORIGIN
      X-Permitted-Cross-Domain-Policies:
      - none
      X-Powered-By:
      - PHP/8.2.27
      X-Robots-Tag:
      - noindex, nofollow
      X-Xss-Protection:
      - 1; mode=block
      Content-Length:
      - '526'
    body:
      encoding: UTF-8
      string: "<?xml version=\"1.0\" encoding=\"utf-8\"?>\n<d:error xmlns:d=\"DAV:\"
        xmlns:s=\"http://sabredav.org/ns\">\n\t<s:exception>Internal Server Error</s:exception>\n\t<s:message>\n\t\tThe
        server was unable to complete your request.\t\tIf this happens again, please
        send the technical details below to the server administrator.\t\tMore details
        can be found in the server log.\t\t\t</s:message>\n\n\t<s:technical-details>\n\t\t<s:remote-address>127.0.0.1</s:remote-address>\n\t\t<s:request-id>ZnsznBmdibTtOyF59aPG</s:request-id>\n\n\t\t</s:technical-details>\n</d:error>\n"
  recorded_at: Tue, 21 Jan 2025 17:09:16 GMT
- request:
    method: delete
    uri: https://nextcloud.local/remote.php/dav/files/OpenProject/662
    body:
      encoding: US-ASCII
      string: ''
    headers:
      Authorization:
      - Basic <BASIC_AUTH>
      User-Agent:
      - httpx.rb/1.4.0
      Accept:
      - "*/*"
      Accept-Encoding:
      - gzip, deflate
  response:
    status:
      code: 404
      message: Not Found
    headers:
      Content-Security-Policy:
      - 'default-src ''none'';base-uri ''none'';manifest-src ''self'';script-src ''self'';style-src
        ''self'' ''unsafe-inline'';img-src ''self'' data: blob:;font-src ''self''
        data:;connect-src ''self'';media-src ''self'';frame-ancestors ''self'';form-action
        ''self'''
      Content-Type:
      - application/xml; charset=utf-8
      Date:
      - Tue, 21 Jan 2025 17:09:17 GMT
      Referrer-Policy:
      - no-referrer
      Server:
      - Apache/2.4.62 (Debian)
      Set-Cookie:
      - ocxxq957y92g=9f6873750380bffdd52522d28334d1ad; path=/; secure; HttpOnly; SameSite=Lax,
        oc_sessionPassphrase=gMfF9P1bCfLoHSNzOftrl8SJ2rWt9YqlLSbiTw5otbCWalTFbeqvTeGShLgbQun8GAq9VdQKUA2KDUAZBptUA8AMAAA%2F91p%2BRySXp%2B7CV%2FJGfX0s4AMNyOSDBS1yGYdn;
        path=/; secure; HttpOnly; SameSite=Lax, ocxxq957y92g=9f6873750380bffdd52522d28334d1ad;
        path=/; secure; HttpOnly; SameSite=Lax, __Host-nc_sameSiteCookielax=true;
        path=/; httponly;secure; expires=Fri, 31-Dec-2100 23:59:59 GMT; SameSite=lax,
        __Host-nc_sameSiteCookiestrict=true; path=/; httponly;secure; expires=Fri,
        31-Dec-2100 23:59:59 GMT; SameSite=strict, ocxxq957y92g=9f6873750380bffdd52522d28334d1ad;
        path=/; secure; HttpOnly; SameSite=Lax, ocxxq957y92g=9f6873750380bffdd52522d28334d1ad;
        path=/; secure; HttpOnly; SameSite=Lax, ocxxq957y92g=676848016351f98c4973b04bde9fd2bb;
        path=/; secure; HttpOnly; SameSite=Lax
      X-Content-Type-Options:
      - nosniff
      X-Frame-Options:
      - SAMEORIGIN
      X-Permitted-Cross-Domain-Policies:
      - none
      X-Powered-By:
      - PHP/8.2.27
      X-Robots-Tag:
      - noindex, nofollow
      X-Xss-Protection:
      - 1; mode=block
      Content-Length:
      - '526'
    body:
      encoding: UTF-8
      string: "<?xml version=\"1.0\" encoding=\"utf-8\"?>\n<d:error xmlns:d=\"DAV:\"
        xmlns:s=\"http://sabredav.org/ns\">\n\t<s:exception>Internal Server Error</s:exception>\n\t<s:message>\n\t\tThe
        server was unable to complete your request.\t\tIf this happens again, please
        send the technical details below to the server administrator.\t\tMore details
        can be found in the server log.\t\t\t</s:message>\n\n\t<s:technical-details>\n\t\t<s:remote-address>127.0.0.1</s:remote-address>\n\t\t<s:request-id>Bt1BeMzgW1PoRryqdlUO</s:request-id>\n\n\t\t</s:technical-details>\n</d:error>\n"
  recorded_at: Tue, 21 Jan 2025 17:09:17 GMT
recorded_with: VCR 6.3.1
